// Jest Snapshot v1, https://goo.gl/fbAQLP

exports[`mkdirSync throws when creating root directory 1`] = `"EEXIST: file already exists, mkdir '/'"`;

exports[`mkdirSync throws when re-creating existing directory 1`] = `"EEXIST: file already exists, mkdir '/new-dir'"`;
